match: ' ' -> space
match: 'a' -> a
match: 'bd' -> b_c_opt_d
match: 'bcd' -> b_c_opt_d
match: 'eg' -> e_f_star_g
match: 'efg' -> e_f_star_g
match: 'effg' -> e_f_star_g
match: 'h' -> h_plus
match: 'hh' -> h_plus
match: 'ij' -> ij
match: 'k' -> k_or_l
match: 'l' -> k_or_l
match: 'g' -> invalid
match: 'j' -> invalid
match: 'x' -> invalid
match: 'xx' -> invalid
match: '' -- <none>
match: 'aa' -- <none>
match: 'ab' -- <none>
match: 'b' -- <none>
match: 'bb' -- <none>
match: 'bccd' -- <none>
match: 'e' -- <none>
match: 'ef' -- <none>
match: 'ah' -- <none>
match: 'ha' -- <none>
match: 'i' -- <none>
match: 'ija' -- <none>
match: 'kl' -- <none>
