match: '' -- <none>
match: 'a' -> invalid
match: 'ab' -> invalid
