
"a aa b bb abc aabbcc":
a_:0-1
s:1-2
a_:2-4
s:4-5
b_:5-6
s:6-7
b_:7-9
s:9-10
a_b_c_:10-13
s:13-14
a_b_c_:14-20

"ab aabb":
a_:0-1
s:1-3
a_:3-5
b_:5-7
