match: ' ' -> s
match: 'a' -> a
match: 'bd' -> bc_d
match: 'bcd' -> bc_d
match: 'eg' -> ef_g
match: 'efg' -> ef_g
match: 'effg' -> ef_g
match: 'h' -> h_
match: 'hh' -> h_
match: 'ij' -> ij
match: 'k' -> k_l
match: 'l' -> k_l
match: '' -- invalid
match: 'aa' -- invalid
match: 'ab' -- invalid
match: 'b' -- invalid
match: 'bb' -- invalid
match: 'bccd' -- invalid
match: 'e' -- invalid
match: 'ef' -- invalid
match: 'g' -- invalid
match: 'ah' -- invalid
match: 'ha' -- invalid
match: 'i' -- invalid
match: 'j' -- invalid
match: 'ija' -- invalid
match: 'kl' -- invalid
