
arg1: "a b c"
token: arg1:1:1-6: invalid
  a b c
  ~~~~~

arg2: "abc def"
token: arg2:1:1-8: invalid
  abc def
  ~~~~~~~
