<svg xmlns="http://www.w3.org/2000/svg" xmlns:xlink="http://www.w3.org/1999/xlink"  width="800" height="800" viewBox="0 0 800 800">
<style>g{color:blue;font-family:Times}</style>
<rect x="0" y="0" width="800" height="800"/>
<rect stroke="red" fill="none" x="2" y="2" width="796" height="796"/>
<circle fill="white" cx="400" cy="400" r="399"/>
<line stroke="green" x1="0" y1="0" x2="800" y2="800"/>
<text style="fill: red;" x="30" y="30">test text</text>
<g>
  <path d="M 10 30 A 20,20 0,0,1 50,30" fill="none" stroke="black"/>
  <image xlink:href="test.png" x="50" y="50" width="50" height="50"/>
</g>
<symbol id="testSymbol" viewBox="0 0 80 80">
  <rect stroke="red" fill="none" x="2" y="2" width="796" height="796"/>
</symbol>
<use xlink:href="#testSymbol" x="0" y="0" width="20" height="20"/>
<marker id="dot" viewBox="0 0 10 10" markerWidth="5" markerHeight="5" refX="5" refY="5" markerUnits="strokeWidth" orient="auto">
  <circle fill="white" cx="400" cy="400" r="399"/>
</marker>
</svg>
