test-meta/compare-match-empty-exp

output file does not match expectation. actual value:
[30mcat ../../../test-meta/compare-match-empty-exp/out[0m
[34mactual.[0m
Expected empty file.
================================================================


################################################################
TESTS FOUND: 1; BROKEN: 0; SKIPPED: 0; FAILED: 1.
