test-meta/compare-match-fail

output file does not match expectation. actual value:
cat ../../../test-meta/compare-match-fail/compare-match-fail.out
actual.
match failed at line 1:
pattern:   '| expected.\n'
actual text: 'actual.\n'
----------------------------------------------------------------
================================================================


################################################################
TESTS FOUND: 1; BROKEN: 0; SKIPPED: 0; FAILED: 1.
