test-meta/compare-match-empty-out

output file does not match expectation. actual value:
cat ../../../test-meta/compare-match-empty-out/compare-match-empty-out.out
match failed at line 1:
pattern:   '| expectation.\n'
actual text: None
----------------------------------------------------------------
================================================================


################################################################
TESTS FOUND: 1; BROKEN: 0; SKIPPED: 0; FAILED: 1.
