test-meta/fail-dbg
test process was expected to return code: 0; actual code: 1.
test command failed: `false`

================================================================

