test-meta/skip                                                   SKIPPED.

################################################################
TESTS FOUND: 1; SKIPPED: 1; PASSED: 0.
