<svg xmlns="http://www.w3.org/2000/svg" xmlns:xlink="http://www.w3.org/1999/xlink" width="512" height="1024">
<g class="grid" stroke="#E0E0E0" fill="white" stroke-width="0.5">
<rect class="grid-border" x="0.0" y="0.0" width="512.0" height="1024.0"/>
<line x1="16.0" y1="0.0" x2="16.0" y2="1024.0"/>
<line x1="32.0" y1="0.0" x2="32.0" y2="1024.0"/>
<line x1="48.0" y1="0.0" x2="48.0" y2="1024.0"/>
<line x1="64.0" y1="0.0" x2="64.0" y2="1024.0"/>
<line x1="80.0" y1="0.0" x2="80.0" y2="1024.0"/>
<line x1="96.0" y1="0.0" x2="96.0" y2="1024.0"/>
<line x1="112.0" y1="0.0" x2="112.0" y2="1024.0"/>
<line x1="128.0" y1="0.0" x2="128.0" y2="1024.0"/>
<line x1="144.0" y1="0.0" x2="144.0" y2="1024.0"/>
<line x1="160.0" y1="0.0" x2="160.0" y2="1024.0"/>
<line x1="176.0" y1="0.0" x2="176.0" y2="1024.0"/>
<line x1="192.0" y1="0.0" x2="192.0" y2="1024.0"/>
<line x1="208.0" y1="0.0" x2="208.0" y2="1024.0"/>
<line x1="224.0" y1="0.0" x2="224.0" y2="1024.0"/>
<line x1="240.0" y1="0.0" x2="240.0" y2="1024.0"/>
<line x1="256.0" y1="0.0" x2="256.0" y2="1024.0"/>
<line x1="272.0" y1="0.0" x2="272.0" y2="1024.0"/>
<line x1="288.0" y1="0.0" x2="288.0" y2="1024.0"/>
<line x1="304.0" y1="0.0" x2="304.0" y2="1024.0"/>
<line x1="320.0" y1="0.0" x2="320.0" y2="1024.0"/>
<line x1="336.0" y1="0.0" x2="336.0" y2="1024.0"/>
<line x1="352.0" y1="0.0" x2="352.0" y2="1024.0"/>
<line x1="368.0" y1="0.0" x2="368.0" y2="1024.0"/>
<line x1="384.0" y1="0.0" x2="384.0" y2="1024.0"/>
<line x1="400.0" y1="0.0" x2="400.0" y2="1024.0"/>
<line x1="416.0" y1="0.0" x2="416.0" y2="1024.0"/>
<line x1="432.0" y1="0.0" x2="432.0" y2="1024.0"/>
<line x1="448.0" y1="0.0" x2="448.0" y2="1024.0"/>
<line x1="464.0" y1="0.0" x2="464.0" y2="1024.0"/>
<line x1="480.0" y1="0.0" x2="480.0" y2="1024.0"/>
<line x1="496.0" y1="0.0" x2="496.0" y2="1024.0"/>
<line x1="0.0" y1="16.0" x2="512.0" y2="16.0"/>
<line x1="0.0" y1="32.0" x2="512.0" y2="32.0"/>
<line x1="0.0" y1="48.0" x2="512.0" y2="48.0"/>
<line x1="0.0" y1="64.0" x2="512.0" y2="64.0"/>
<line x1="0.0" y1="80.0" x2="512.0" y2="80.0"/>
<line x1="0.0" y1="96.0" x2="512.0" y2="96.0"/>
<line x1="0.0" y1="112.0" x2="512.0" y2="112.0"/>
<line x1="0.0" y1="128.0" x2="512.0" y2="128.0"/>
<line x1="0.0" y1="144.0" x2="512.0" y2="144.0"/>
<line x1="0.0" y1="160.0" x2="512.0" y2="160.0"/>
<line x1="0.0" y1="176.0" x2="512.0" y2="176.0"/>
<line x1="0.0" y1="192.0" x2="512.0" y2="192.0"/>
<line x1="0.0" y1="208.0" x2="512.0" y2="208.0"/>
<line x1="0.0" y1="224.0" x2="512.0" y2="224.0"/>
<line x1="0.0" y1="240.0" x2="512.0" y2="240.0"/>
<line x1="0.0" y1="256.0" x2="512.0" y2="256.0"/>
<line x1="0.0" y1="272.0" x2="512.0" y2="272.0"/>
<line x1="0.0" y1="288.0" x2="512.0" y2="288.0"/>
<line x1="0.0" y1="304.0" x2="512.0" y2="304.0"/>
<line x1="0.0" y1="320.0" x2="512.0" y2="320.0"/>
<line x1="0.0" y1="336.0" x2="512.0" y2="336.0"/>
<line x1="0.0" y1="352.0" x2="512.0" y2="352.0"/>
<line x1="0.0" y1="368.0" x2="512.0" y2="368.0"/>
<line x1="0.0" y1="384.0" x2="512.0" y2="384.0"/>
<line x1="0.0" y1="400.0" x2="512.0" y2="400.0"/>
<line x1="0.0" y1="416.0" x2="512.0" y2="416.0"/>
<line x1="0.0" y1="432.0" x2="512.0" y2="432.0"/>
<line x1="0.0" y1="448.0" x2="512.0" y2="448.0"/>
<line x1="0.0" y1="464.0" x2="512.0" y2="464.0"/>
<line x1="0.0" y1="480.0" x2="512.0" y2="480.0"/>
<line x1="0.0" y1="496.0" x2="512.0" y2="496.0"/>
<line x1="0.0" y1="512.0" x2="512.0" y2="512.0"/>
<line x1="0.0" y1="528.0" x2="512.0" y2="528.0"/>
<line x1="0.0" y1="544.0" x2="512.0" y2="544.0"/>
<line x1="0.0" y1="560.0" x2="512.0" y2="560.0"/>
<line x1="0.0" y1="576.0" x2="512.0" y2="576.0"/>
<line x1="0.0" y1="592.0" x2="512.0" y2="592.0"/>
<line x1="0.0" y1="608.0" x2="512.0" y2="608.0"/>
<line x1="0.0" y1="624.0" x2="512.0" y2="624.0"/>
<line x1="0.0" y1="640.0" x2="512.0" y2="640.0"/>
<line x1="0.0" y1="656.0" x2="512.0" y2="656.0"/>
<line x1="0.0" y1="672.0" x2="512.0" y2="672.0"/>
<line x1="0.0" y1="688.0" x2="512.0" y2="688.0"/>
<line x1="0.0" y1="704.0" x2="512.0" y2="704.0"/>
<line x1="0.0" y1="720.0" x2="512.0" y2="720.0"/>
<line x1="0.0" y1="736.0" x2="512.0" y2="736.0"/>
<line x1="0.0" y1="752.0" x2="512.0" y2="752.0"/>
<line x1="0.0" y1="768.0" x2="512.0" y2="768.0"/>
<line x1="0.0" y1="784.0" x2="512.0" y2="784.0"/>
<line x1="0.0" y1="800.0" x2="512.0" y2="800.0"/>
<line x1="0.0" y1="816.0" x2="512.0" y2="816.0"/>
<line x1="0.0" y1="832.0" x2="512.0" y2="832.0"/>
<line x1="0.0" y1="848.0" x2="512.0" y2="848.0"/>
<line x1="0.0" y1="864.0" x2="512.0" y2="864.0"/>
<line x1="0.0" y1="880.0" x2="512.0" y2="880.0"/>
<line x1="0.0" y1="896.0" x2="512.0" y2="896.0"/>
<line x1="0.0" y1="912.0" x2="512.0" y2="912.0"/>
<line x1="0.0" y1="928.0" x2="512.0" y2="928.0"/>
<line x1="0.0" y1="944.0" x2="512.0" y2="944.0"/>
<line x1="0.0" y1="960.0" x2="512.0" y2="960.0"/>
<line x1="0.0" y1="976.0" x2="512.0" y2="976.0"/>
<line x1="0.0" y1="992.0" x2="512.0" y2="992.0"/>
<line x1="0.0" y1="1008.0" x2="512.0" y2="1008.0"/>
</g>
<g transform="translate(0,0)">
<rect x="0" y="0" width="64" height="32" rx="8" ry="8"><title>rect0</title></rect>
<rect stroke="gray" fill="white" x="80" y="0" width="64" height="32" rx="16" ry="8"><title>rect1</title></rect>
</g>
<g transform="translate(0,48)">
<circle cx="16" cy="16" r="16"><title>circle0</title></circle>
<circle stroke="gray" fill="white" cx="64" cy="16" r="16"><title>circle1</title></circle>
</g>
<g transform="translate(0,96)">
<line stroke="black" x1="0" y1="0" x2="32" y2="32"><title>line0</title></line>
<line stroke="black" x1="32" y1="0" x2="64" y2="32"><title>line1</title></line>
</g>
<g transform="translate(0,144)">
<path stroke="black" fill="none" d="M0,0 L32,32 l32,-32"><title>path0</title></path>
</g>
<g transform="translate(0,192)">
<polyline stroke="black" fill="none" points="0,0 32,32 64,0"><title>polyline0</title></polyline>
</g>
<text x="0" y="240">TEXT</text>
<image xlink:href="data:image/png;base64,R0lGODdhBAAEAIAAAAAAAP///yH5BAQAAAAALAAAAAAEAAQAAAIFRHxnuAUAOw==" x="0" y="256" width="16" height="16"/>
<image xlink:href="data:image/png;base64,R0lGODdhBAAEAIAAAAAAAP///yH5BAQAAAAALAAAAAAEAAQAAAIFRHxnuAUAOw==" x="32" y="256" width="32" height="32"/>
<g transform="translate(0,304)">
<symbol id="sym" viewBox="0 0 32 32">
<rect stroke="black" fill="none" x="8" y="8" width="16" height="16"/>
<rect stroke="black" fill="none" x="0" y="0" width="32" height="32"/>
</symbol>
<use xlink:href="#sym" x="0" y="0" width="32" height="32"/>
<use xlink:href="#sym" x="48" y="0" width="16" height="16"/>
</g>
<g transform="translate(16,352)">
<marker id="dot" refX="4" refY="4" markerWidth="8" markerHeight="8" viewBox="0 0 8 8" markerUnits="strokeWidth" orient="auto">
<circle cx="4" cy="4" r="4"/>
</marker>
<polyline stroke="black" marker-start="url(#dot)" marker-mid="url(#dot)" marker-end="url(#dot)" points="0,0 16,0 32,0"/>
</g>
</svg>
