assets/circle.svg
assets/empty.csv
assets/head.gif
assets/head.jpg
assets/head.png
assets/line.wu
assets/nested.wu
assets/table.csv
assets/text.txt
