test-meta/1/compare-match-empty-out

output file does not match expectation. actual value: ''
match failed at line 1:
pattern:   '| expectation.\n'
actual text: None
----------------------------------------------------------------
================================================================


################################################################
TESTS FOUND: 1; BROKEN: 0; SKIPPED: 0; FAILED: 1.
