test-meta/1/timeout
test process timed out (1 sec) and was killed.
test command failed: `sleep 10`

================================================================


################################################################
TESTS FOUND: 1; BROKEN: 0; SKIPPED: 0; FAILED: 1.
