test-meta/1/cmd-installed-nonexistent
test process launch failed; installed executable was not found: `nonexistent-installed-cmd`
test command failed: `nonexistent-installed-cmd`

================================================================


################################################################
TESTS FOUND: 1; SKIPPED: 0; FAILED: 1.
