|
~ \[\[...\]\]: \[ \^0x\w+:list \]
|
| [[[...]]]: [
~   \[ \^0x\w+:list \]\]
|
| [[[...]]]: [
~   \[ \^0x\w+:list \]\]
