
0: 0

'': ''

'a': 'a'

b'b': b'b'

bytearray(b''): bytearray(b'')

[]: []

[0]: [ 0 ]

[[0], [0]]: [
  [ 0 ]
  [ 0 ]]

[0, 1]: [ 0 1 ]

[0, [1, 2]]: [
  0
  [ 1 2 ]]

[[0, 1], 2]: [
  [ 0 1 ]
  2 ]

[[], [], [[]]]: [
  []
  []
  [
    []]]

(): ()

(0,): ( 0 ,)

(0, 0): ( 0 0 )

(0, (1, 2)): (
  0
  ( 1 2 ))

{}: {}

{0: 0, 1: 1}: { 0:0 1:1 }

{0: 0, 1: {2: 3, 4: 5}}: {
  0:0
  1:{ 2:3 4:5 }}

set(): set()

{0}: { 0 }

{0, 1}: { 0 1 }

frozenset(): frozenset([])

[DC(x=0, y=1), DC(x=[2, 3], y=4)]: [
  DC( x=0 y=1 )
  DC(
    x=[ 2 3 ]
    y=4 )]

Exact mode: {
  'a':[
    1,
    [ 2, 3 ]],
  4:5 }
