
arg1: 'a b c'
arg1:1:1-6: invalid
a b c
~~~~~

arg2: 'abc def'
arg2:1:1-8: invalid
abc def
~~~~~~~
